// Jest Snapshot v1, https://goo.gl/fbAQLP

exports[`Avatar should render and match snapshot 1`] = `
<div>
  <div
    class="sc-bcXHqe glyMxB"
  >
    <span />
    <h1 />
  </div>
</div>
`;
