// Jest Snapshot v1, https://goo.gl/fbAQLP

exports[`Carrossel should render and match snapshot 1`] = `
<div>
  <div
    class="sc-bcXHqe iYlegs"
  >
    <div
      class="sc-dkrFOg WKixe"
    >
      <svg
        fill="currentColor"
        height="32"
        viewBox="0 0 256 256"
        width="32"
        xmlns="http://www.w3.org/2000/svg"
      >
        <rect
          fill="none"
          height="256"
          width="256"
        />
        <polyline
          fill="none"
          points="160 208 80 128 160 48"
          stroke="currentColor"
          stroke-linecap="round"
          stroke-linejoin="round"
          stroke-width="16"
        />
      </svg>
    </div>
    <div
      class="sc-hLBbgP jHwDjN"
    >
      <svg
        fill="currentColor"
        height="32"
        viewBox="0 0 256 256"
        width="32"
        xmlns="http://www.w3.org/2000/svg"
      >
        <rect
          fill="none"
          height="256"
          width="256"
        />
        <polyline
          fill="none"
          points="96 48 176 128 96 208"
          stroke="currentColor"
          stroke-linecap="round"
          stroke-linejoin="round"
          stroke-width="16"
        />
      </svg>
    </div>
    <img
      alt="Image 1"
      class="sc-gswNZR cfXGIm"
    />
  </div>
</div>
`;
