// Jest Snapshot v1, https://goo.gl/fbAQLP

exports[`Cart should render and match snapshot 1`] = `<div />`;
