// Jest Snapshot v1, https://goo.gl/fbAQLP

exports[`Dropdown should render and match snapshot 1`] = `
<div>
  <div
    class="sc-bcXHqe hnlUoq"
  />
</div>
`;
