// Jest Snapshot v1, https://goo.gl/fbAQLP

exports[`LoginModal should render and match snapshot 1`] = `
<div>
  <div
    class="sc-bcXHqe hlQNyq"
  >
    <div
      class="sc-gswNZR dKCtgi"
    >
      <h1>
        Ol√°, seja bem vindo
      </h1>
      <h3>
        Entre na sua conta
      </h3>
    </div>
    <form>
      <label
        for="email"
      >
        E-mail
      </label>
      <input
        id="email"
        name="email"
        type="email"
      />
      <label
        for="password"
      >
        Senha
      </label>
      <input
        id="password"
        name="password"
        type="password"
      />
      <button
        type="submit"
      >
        Entrar
      </button>
    </form>
    <span>
      <h2>
        Cadastre-se
      </h2>
      <h2>
        Esqueceu a senha?
      </h2>
    </span>
  </div>
</div>
`;
