// Jest Snapshot v1, https://goo.gl/fbAQLP

exports[`RegisterModal should render and match snapshot 1`] = `
<div>
  <div
    class="sc-bcXHqe hlQNyq"
  >
    <div
      class="sc-dkrFOg ffpTbI"
    >
      <h1>
        Ainda n√£o tem uma conta?
      </h1>
      <h3>
        Adicione os seus dados.
      </h3>
    </div>
    <div
      class="sc-gswNZR cWphtV"
    >
      <form>
        <label
          for="name"
        >
          Nome
        </label>
        <input
          id="name"
          name="name"
          required=""
          type="text"
        />
        <label
          for="email"
        >
          E-mail
        </label>
        <input
          id="email"
          name="email"
          required=""
          type="email"
        />
        <label
          for="password"
        >
          Senha
        </label>
        <input
          id="password"
          name="password"
          required=""
          type="password"
        />
        <label
          for="confirmPassword"
        >
          Confirme a senha
        </label>
        <input
          id="confirmPassword"
          name="confirmPassword"
          required=""
          type="password"
        />
        <label
          for="typeOfUser"
        >
          Tipo de usuario
        </label>
        <select
          id="typeOfUser"
          name="typeOfUser"
        >
          <option
            value="user"
          >
            Consumidor
          </option>
          <option
            value="producer"
          >
            Produtor
          </option>
        </select>
        <button
          type="submit"
        >
          Cadastrar
        </button>
      </form>
      <h2>
        Voltar
      </h2>
    </div>
  </div>
</div>
`;
