// Jest Snapshot v1, https://goo.gl/fbAQLP

exports[`TitleAndSubtitle should render and match snapshot 1`] = `
<div>
  <div
    class="sc-bcXHqe tMTwO"
  >
    <h1 />
    <h3 />
  </div>
</div>
`;
